../Core/Src/main.c:88:5:main	64	static
../Core/Src/main.c:204:6:SystemClock_Config	120	static
../Core/Src/main.c:255:13:MX_I2C1_Init	8	static
../Core/Src/main.c:303:13:MX_USART3_UART_Init	8	static
../Core/Src/main.c:349:13:MX_DMA_Init	16	static
../Core/Src/main.c:367:13:MX_GPIO_Init	48	static
../Core/Src/main.c:409:6:processa_comando	72	static
../Core/Src/main.c:426:9:PCF8591_ReadAnalog	32	static
../Core/Src/main.c:438:6:PCF8591_WriteDAC	32	static
../Core/Src/main.c:447:6:HAL_UART_RxCpltCallback	16	static
../Core/Src/main.c:475:6:Error_Handler	4	static,ignoring_inline_asm
